
> web@1.0.0 build D:\FlowMix\apps\web
> next build

  ▲ Next.js 15.0.0

   Creating an optimized production build ...

[1m[33mwarn[39m[22m - Your `content` configuration includes a pattern which looks like it's accidentally matching all of `node_modules` and can cause serious performance issues.
[1m[33mwarn[39m[22m - Pattern: `..\..\packages\ui\**\*.ts`
[1m[33mwarn[39m[22m - See our documentation for recommendations:
[1m[33mwarn[39m[22m - https://tailwindcss.com/docs/content-configuration#pattern-recommendations
 ✓ Compiled successfully
   Linting and checking validity of types ...
Failed to compile.

../../packages/ui/components/Button.tsx:1:19
Type error: Could not find a declaration file for module 'react'. 'D:/FlowMix/node_modules/.pnpm/react@18.2.0/node_modules/react/index.js' implicitly has an 'any' type.
  If the 'react' package actually exposes this module, consider sending a pull request to amend 'https://github.com/DefinitelyTyped/DefinitelyTyped/tree/master/types/react'

[0m[31m[1m>[22m[39m[90m 1 |[39m [36mimport[39m [33mReact[39m [36mfrom[39m [32m'react'[39m[33m;[39m[0m
[0m [90m   |[39m                   [31m[1m^[22m[39m[0m
[0m [90m 2 |[39m [36mimport[39m { motion[33m,[39m [33mHTMLMotionProps[39m } [36mfrom[39m [32m'framer-motion'[39m[33m;[39m[0m
[0m [90m 3 |[39m[0m
[0m [90m 4 |[39m [36mexport[39m [36minterface[39m [33mButtonProps[39m [36mextends[39m [33mHTMLMotionProps[39m[33m<[39m[32m'button'[39m[33m>[39m {[0m
 ELIFECYCLE  Command failed with exit code 1.
